Archive member included to satisfy reference by file (symbol)

c:/program files/microchip/xc8/v2.40/avr/bin/../lib/gcc/avr/5.4.0/avr5/memx-const\libgcc.a(_copy_data.o)
                              build/default/production/MCAL_Layer/TIMER/Timer.o (__do_clear_bss)
c:/program files/microchip/xc8/v2.40/avr/bin/../lib/gcc/avr/5.4.0/../../../../avr/lib/avr5/memx-const\libc.a(exit.o)
                              C:/Program Files/Microchip/MPLABX/v6.00/packs/Microchip/ATmega_DFP/2.4.131/xc8/avr/lib/avr5/memx-const/crtatmega32.o (exit)
c:/program files/microchip/xc8/v2.40/avr/bin/../lib/gcc/avr/5.4.0/../../../../avr/lib/avr5/memx-const\libc.a(_Exit.o)
                              c:/program files/microchip/xc8/v2.40/avr/bin/../lib/gcc/avr/5.4.0/../../../../avr/lib/avr5/memx-const\libc.a(exit.o) (_Exit)
c:/program files/microchip/xc8/v2.40/avr/bin/../lib/gcc/avr/5.4.0/avr5/memx-const\libgcc.a(_exit.o)
                              c:/program files/microchip/xc8/v2.40/avr/bin/../lib/gcc/avr/5.4.0/../../../../avr/lib/avr5/memx-const\libc.a(_Exit.o) (_exit)

Discarded input sections

 .data          0x0000000000000000        0x0 C:/Program Files/Microchip/MPLABX/v6.00/packs/Microchip/ATmega_DFP/2.4.131/xc8/avr/lib/avr5/memx-const/crtatmega32.o
 .bss           0x0000000000000000        0x0 C:/Program Files/Microchip/MPLABX/v6.00/packs/Microchip/ATmega_DFP/2.4.131/xc8/avr/lib/avr5/memx-const/crtatmega32.o
 .text          0x0000000000000000        0x0 build/default/production/ECU_Layer/Button/Button.o
 .data          0x0000000000000000        0x0 build/default/production/ECU_Layer/Button/Button.o
 .bss           0x0000000000000000        0x0 build/default/production/ECU_Layer/Button/Button.o
 .text.BUTTON_Read
                0x0000000000000000        0x6 build/default/production/ECU_Layer/Button/Button.o
 .text          0x0000000000000000        0x0 build/default/production/ECU_Layer/LED/Led.o
 .data          0x0000000000000000        0x0 build/default/production/ECU_Layer/LED/Led.o
 .bss           0x0000000000000000        0x0 build/default/production/ECU_Layer/LED/Led.o
 .text          0x0000000000000000        0x0 build/default/production/MCAL_Layer/EXT_INT/EXT_INT.o
 .data          0x0000000000000000        0x0 build/default/production/MCAL_Layer/EXT_INT/EXT_INT.o
 .bss           0x0000000000000000        0x0 build/default/production/MCAL_Layer/EXT_INT/EXT_INT.o
 .text          0x0000000000000000        0x0 build/default/production/MCAL_Layer/GPIO/GPIO.o
 .data          0x0000000000000000        0x0 build/default/production/MCAL_Layer/GPIO/GPIO.o
 .bss           0x0000000000000000        0x0 build/default/production/MCAL_Layer/GPIO/GPIO.o
 .text.GPIO_Read
                0x0000000000000000       0xb6 build/default/production/MCAL_Layer/GPIO/GPIO.o
 .text          0x0000000000000000        0x0 build/default/production/MCAL_Layer/TIMER/Timer.o
 .data          0x0000000000000000        0x0 build/default/production/MCAL_Layer/TIMER/Timer.o
 .bss           0x0000000000000000        0x0 build/default/production/MCAL_Layer/TIMER/Timer.o
 .text.Timer_0_Set_Init_Value
                0x0000000000000000        0x4 build/default/production/MCAL_Layer/TIMER/Timer.o
 .text          0x0000000000000000        0x0 build/default/production/Application.o
 .data          0x0000000000000000        0x0 build/default/production/Application.o
 .bss           0x0000000000000000        0x0 build/default/production/Application.o
 .text          0x0000000000000000        0x0 c:/program files/microchip/xc8/v2.40/avr/bin/../lib/gcc/avr/5.4.0/avr5/memx-const\libgcc.a(_copy_data.o)
 .data          0x0000000000000000        0x0 c:/program files/microchip/xc8/v2.40/avr/bin/../lib/gcc/avr/5.4.0/avr5/memx-const\libgcc.a(_copy_data.o)
 .bss           0x0000000000000000        0x0 c:/program files/microchip/xc8/v2.40/avr/bin/../lib/gcc/avr/5.4.0/avr5/memx-const\libgcc.a(_copy_data.o)
 .text.libgcc.mul
                0x0000000000000000        0x0 c:/program files/microchip/xc8/v2.40/avr/bin/../lib/gcc/avr/5.4.0/avr5/memx-const\libgcc.a(_copy_data.o)
 .text.libgcc.div
                0x0000000000000000        0x0 c:/program files/microchip/xc8/v2.40/avr/bin/../lib/gcc/avr/5.4.0/avr5/memx-const\libgcc.a(_copy_data.o)
 .text.libgcc   0x0000000000000000        0x0 c:/program files/microchip/xc8/v2.40/avr/bin/../lib/gcc/avr/5.4.0/avr5/memx-const\libgcc.a(_copy_data.o)
 .text.libgcc.prologue
                0x0000000000000000        0x0 c:/program files/microchip/xc8/v2.40/avr/bin/../lib/gcc/avr/5.4.0/avr5/memx-const\libgcc.a(_copy_data.o)
 .text.libgcc.builtins
                0x0000000000000000        0x0 c:/program files/microchip/xc8/v2.40/avr/bin/../lib/gcc/avr/5.4.0/avr5/memx-const\libgcc.a(_copy_data.o)
 .text.libgcc.fmul
                0x0000000000000000        0x0 c:/program files/microchip/xc8/v2.40/avr/bin/../lib/gcc/avr/5.4.0/avr5/memx-const\libgcc.a(_copy_data.o)
 .text.libgcc.fixed
                0x0000000000000000        0x0 c:/program files/microchip/xc8/v2.40/avr/bin/../lib/gcc/avr/5.4.0/avr5/memx-const\libgcc.a(_copy_data.o)
 .text          0x0000000000000000        0x0 c:/program files/microchip/xc8/v2.40/avr/bin/../lib/gcc/avr/5.4.0/../../../../avr/lib/avr5/memx-const\libc.a(exit.o)
 .data          0x0000000000000000        0x0 c:/program files/microchip/xc8/v2.40/avr/bin/../lib/gcc/avr/5.4.0/../../../../avr/lib/avr5/memx-const\libc.a(exit.o)
 .bss           0x0000000000000000        0x0 c:/program files/microchip/xc8/v2.40/avr/bin/../lib/gcc/avr/5.4.0/../../../../avr/lib/avr5/memx-const\libc.a(exit.o)
 .text          0x0000000000000000        0x0 c:/program files/microchip/xc8/v2.40/avr/bin/../lib/gcc/avr/5.4.0/../../../../avr/lib/avr5/memx-const\libc.a(_Exit.o)
 .data          0x0000000000000000        0x0 c:/program files/microchip/xc8/v2.40/avr/bin/../lib/gcc/avr/5.4.0/../../../../avr/lib/avr5/memx-const\libc.a(_Exit.o)
 .bss           0x0000000000000000        0x0 c:/program files/microchip/xc8/v2.40/avr/bin/../lib/gcc/avr/5.4.0/../../../../avr/lib/avr5/memx-const\libc.a(_Exit.o)
 .text          0x0000000000000000        0x0 c:/program files/microchip/xc8/v2.40/avr/bin/../lib/gcc/avr/5.4.0/avr5/memx-const\libgcc.a(_exit.o)
 .data          0x0000000000000000        0x0 c:/program files/microchip/xc8/v2.40/avr/bin/../lib/gcc/avr/5.4.0/avr5/memx-const\libgcc.a(_exit.o)
 .bss           0x0000000000000000        0x0 c:/program files/microchip/xc8/v2.40/avr/bin/../lib/gcc/avr/5.4.0/avr5/memx-const\libgcc.a(_exit.o)
 .text.libgcc.mul
                0x0000000000000000        0x0 c:/program files/microchip/xc8/v2.40/avr/bin/../lib/gcc/avr/5.4.0/avr5/memx-const\libgcc.a(_exit.o)
 .text.libgcc.div
                0x0000000000000000        0x0 c:/program files/microchip/xc8/v2.40/avr/bin/../lib/gcc/avr/5.4.0/avr5/memx-const\libgcc.a(_exit.o)
 .text.libgcc   0x0000000000000000        0x0 c:/program files/microchip/xc8/v2.40/avr/bin/../lib/gcc/avr/5.4.0/avr5/memx-const\libgcc.a(_exit.o)
 .text.libgcc.prologue
                0x0000000000000000        0x0 c:/program files/microchip/xc8/v2.40/avr/bin/../lib/gcc/avr/5.4.0/avr5/memx-const\libgcc.a(_exit.o)
 .stack.descriptors
                0x0000000000000000       0x13 c:/program files/microchip/xc8/v2.40/avr/bin/../lib/gcc/avr/5.4.0/avr5/memx-const\libgcc.a(_exit.o)
 .text.libgcc.builtins
                0x0000000000000000        0x0 c:/program files/microchip/xc8/v2.40/avr/bin/../lib/gcc/avr/5.4.0/avr5/memx-const\libgcc.a(_exit.o)
 .text.libgcc.fmul
                0x0000000000000000        0x0 c:/program files/microchip/xc8/v2.40/avr/bin/../lib/gcc/avr/5.4.0/avr5/memx-const\libgcc.a(_exit.o)
 .text.libgcc.fixed
                0x0000000000000000        0x0 c:/program files/microchip/xc8/v2.40/avr/bin/../lib/gcc/avr/5.4.0/avr5/memx-const\libgcc.a(_exit.o)

Memory Configuration

Name             Origin             Length             Attributes
text             0x0000000000000000 0x0000000000008000 xr
data             0x0000000000800060 0x0000000000000800 rw !x
eeprom           0x0000000000810000 0x0000000000000400 rw !x
fuse             0x0000000000820000 0x0000000000000002 rw !x
lock             0x0000000000830000 0x0000000000000400 rw !x
signature        0x0000000000840000 0x0000000000000400 rw !x
user_signatures  0x0000000000850000 0x0000000000000400 rw !x
*default*        0x0000000000000000 0xffffffffffffffff

Linker script and memory map

LOAD C:/Program Files/Microchip/MPLABX/v6.00/packs/Microchip/ATmega_DFP/2.4.131/xc8/avr/lib/avr5/memx-const/crtatmega32.o
                0x0000000000000001                __MPLAB_BUILD = 0x1
LOAD build/default/production/ECU_Layer/Button/Button.o
LOAD build/default/production/ECU_Layer/LED/Led.o
LOAD build/default/production/MCAL_Layer/EXT_INT/EXT_INT.o
LOAD build/default/production/MCAL_Layer/GPIO/GPIO.o
LOAD build/default/production/MCAL_Layer/TIMER/Timer.o
LOAD build/default/production/Application.o
START GROUP
LOAD c:/program files/microchip/xc8/v2.40/avr/bin/../lib/gcc/avr/5.4.0/../../../../avr/lib/avr5/memx-const\libm.a
END GROUP
START GROUP
LOAD c:/program files/microchip/xc8/v2.40/avr/bin/../lib/gcc/avr/5.4.0/avr5/memx-const\libgcc.a
LOAD c:/program files/microchip/xc8/v2.40/avr/bin/../lib/gcc/avr/5.4.0/../../../../avr/lib/avr5/memx-const\libm.a
LOAD c:/program files/microchip/xc8/v2.40/avr/bin/../lib/gcc/avr/5.4.0/../../../../avr/lib/avr5/memx-const\libc.a
LOAD C:/Program Files/Microchip/MPLABX/v6.00/packs/Microchip/ATmega_DFP/2.4.131/xc8/avr/lib/avr5/memx-const\libatmega32.a
END GROUP
                0x0000000000000000                __TEXT_REGION_ORIGIN__ = DEFINED (__TEXT_REGION_ORIGIN__)?__TEXT_REGION_ORIGIN__:0x0
                [0x0000000000800060]                __DATA_REGION_ORIGIN__ = DEFINED (__DATA_REGION_ORIGIN__)?__DATA_REGION_ORIGIN__:0x800060
                [0x0000000000008000]                __TEXT_REGION_LENGTH__ = DEFINED (__TEXT_REGION_LENGTH__)?__TEXT_REGION_LENGTH__:0x20000
                [0x0000000000000800]                __DATA_REGION_LENGTH__ = DEFINED (__DATA_REGION_LENGTH__)?__DATA_REGION_LENGTH__:0xffa0
                [0x0000000000000400]                __EEPROM_REGION_LENGTH__ = DEFINED (__EEPROM_REGION_LENGTH__)?__EEPROM_REGION_LENGTH__:0x10000
                [0x0000000000000002]                __FUSE_REGION_LENGTH__ = DEFINED (__FUSE_REGION_LENGTH__)?__FUSE_REGION_LENGTH__:0x400
                0x0000000000000400                __LOCK_REGION_LENGTH__ = DEFINED (__LOCK_REGION_LENGTH__)?__LOCK_REGION_LENGTH__:0x400
                0x0000000000000400                __SIGNATURE_REGION_LENGTH__ = DEFINED (__SIGNATURE_REGION_LENGTH__)?__SIGNATURE_REGION_LENGTH__:0x400
                0x0000000000000400                __USER_SIGNATURE_REGION_LENGTH__ = DEFINED (__USER_SIGNATURE_REGION_LENGTH__)?__USER_SIGNATURE_REGION_LENGTH__:0x400

.hash
 *(.hash)

.dynsym
 *(.dynsym)

.dynstr
 *(.dynstr)

.gnu.version
 *(.gnu.version)

.gnu.version_d
 *(.gnu.version_d)

.gnu.version_r
 *(.gnu.version_r)

.rel.init
 *(.rel.init)

.rela.init
 *(.rela.init)

.rel.text
 *(.rel.text)
 *(.rel.text.*)
 *(.rel.gnu.linkonce.t*)

.rela.text
 *(.rela.text)
 *(.rela.text.*)
 *(.rela.gnu.linkonce.t*)

.rel.fini
 *(.rel.fini)

.rela.fini
 *(.rela.fini)

.rel.rodata
 *(.rel.rodata)
 *(.rel.rodata.*)
 *(.rel.gnu.linkonce.r*)

.rela.rodata
 *(.rela.rodata)
 *(.rela.rodata.*)
 *(.rela.gnu.linkonce.r*)

.rel.data
 *(.rel.data)
 *(.rel.data.*)
 *(.rel.gnu.linkonce.d*)

.rela.data
 *(.rela.data)
 *(.rela.data.*)
 *(.rela.gnu.linkonce.d*)

.rel.ctors
 *(.rel.ctors)

.rela.ctors
 *(.rela.ctors)

.rel.dtors
 *(.rel.dtors)

.rela.dtors
 *(.rela.dtors)

.rel.got
 *(.rel.got)

.rela.got
 *(.rela.got)

.rel.bss
 *(.rel.bss)

.rela.bss
 *(.rela.bss)

.rel.plt
 *(.rel.plt)

.rela.plt
 *(.rela.plt)

.text           0x0000000000000000       0xae
 *(.vectors)
 .vectors       0x0000000000000000       0x54 C:/Program Files/Microchip/MPLABX/v6.00/packs/Microchip/ATmega_DFP/2.4.131/xc8/avr/lib/avr5/memx-const/crtatmega32.o
                0x0000000000000000                __vector_default
                0x0000000000000000                __vectors
 *(.vectors)
 *(.progmem.gcc*)
 *(.dinit)
 .dinit         0x0000000000000054        0x5 data_init
                0x000000000000005a                . = ALIGN (0x2)
 *fill*         0x0000000000000059        0x1 
                0x000000000000005a                __trampolines_start = .
 *(.trampolines)
 .trampolines   0x000000000000005a        0x0 linker stubs
 *(.trampolines*)
                0x000000000000005a                __trampolines_end = .
 *libprintf_flt.a:*(.progmem.data)
 *libc.a:*(.progmem.data)
                0x000000000000005a                . = ALIGN (0x2)
 *(.jumptables)
 *(.jumptables*)
 *(.lowtext)
 *(.lowtext*)
                0x000000000000005a                __ctors_start = .
 *(.ctors)
                0x000000000000005a                __ctors_end = .
                0x000000000000005a                __dtors_start = .
 *(.dtors)
                0x000000000000005a                __dtors_end = .
 SORT(*)(.ctors)
 SORT(*)(.dtors)
 *(.init0)
 .init0         0x000000000000005a        0x0 C:/Program Files/Microchip/MPLABX/v6.00/packs/Microchip/ATmega_DFP/2.4.131/xc8/avr/lib/avr5/memx-const/crtatmega32.o
                0x000000000000005a                __init
 *(.init0)
 *(.init1)
 *(.init1)
 *(.init2)
 .init2         0x000000000000005a        0xc C:/Program Files/Microchip/MPLABX/v6.00/packs/Microchip/ATmega_DFP/2.4.131/xc8/avr/lib/avr5/memx-const/crtatmega32.o
 *(.init2)
 *(.init3)
 *(.init3)
 *(.init4)
 .init4         0x0000000000000066       0x3c c:/program files/microchip/xc8/v2.40/avr/bin/../lib/gcc/avr/5.4.0/avr5/memx-const\libgcc.a(_copy_data.o)
                0x0000000000000066                __do_copy_data
                0x0000000000000094                __do_clear_bss
 *(.init4)
 *(.init5)
 *(.init5)
 *(.init6)
 *(.init6)
 *(.init7)
 *(.init7)
 *(.init8)
 *(.init8)
 *(.init9)
 .init9         0x00000000000000a2        0x8 C:/Program Files/Microchip/MPLABX/v6.00/packs/Microchip/ATmega_DFP/2.4.131/xc8/avr/lib/avr5/memx-const/crtatmega32.o
 *(.init9)
                0x00000000000000aa                . = ALIGN (0x2)
 *(.fini9)
 .fini9         0x00000000000000aa        0x0 c:/program files/microchip/xc8/v2.40/avr/bin/../lib/gcc/avr/5.4.0/avr5/memx-const\libgcc.a(_exit.o)
                0x00000000000000aa                _exit
 *(.fini9)
 *(.fini8)
 *(.fini8)
 *(.fini7)
 *(.fini7)
 *(.fini6)
 *(.fini6)
 *(.fini5)
 *(.fini5)
 *(.fini4)
 *(.fini4)
 *(.fini3)
 *(.fini3)
 *(.fini2)
 *(.fini2)
 *(.fini1)
 *(.fini1)
 *(.fini0)
 .fini0         0x00000000000000aa        0x4 c:/program files/microchip/xc8/v2.40/avr/bin/../lib/gcc/avr/5.4.0/avr5/memx-const\libgcc.a(_exit.o)
 *(.fini0)
                0x00000000000000ae                _etext = .

.data           0x0000000000800060        0x0 load address 0x00000000000000ae
                [!provide]                        PROVIDE (__data_start, .)
 *(.gnu.linkonce.d*)
 *(.gnu.linkonce.r*)
                0x0000000000800060                . = ALIGN (0x2)
 *fill*         0x0000000000800060        0x0 
                0x0000000000800060                _edata = .
                [!provide]                        PROVIDE (__data_end, .)

.bss            0x0000000000800060        0x0
                [!provide]                        PROVIDE (__bss_start, .)
 *(COMMON)
                [!provide]                        PROVIDE (__bss_end, .)
                0x00000000000000ae                __data_load_start = LOADADDR (.data)
                0x00000000000000ae                __data_load_end = (__data_load_start + SIZEOF (.data))

.noinit         0x0000000000800060        0x0
                [!provide]                        PROVIDE (__noinit_start, .)
 *(.noinit*)
                [!provide]                        PROVIDE (__noinit_end, .)
                0x0000000000800060                _end = .

.eeprom         0x0000000000810000        0x0
 *(.eeprom*)
                0x0000000000810000                __eeprom_end = .

.fuse
 *(.fuse)
 *(.lfuse)
 *(.hfuse)
 *(.efuse)

.lock
 *(.lock*)

.signature
 *(.signature*)

.user_signatures
 *(.user_signatures*)

.stab
 *(.stab)

.stabstr
 *(.stabstr)

.stab.excl
 *(.stab.excl)

.stab.exclstr
 *(.stab.exclstr)

.stab.index
 *(.stab.index)

.stab.indexstr
 *(.stab.indexstr)

.comment        0x0000000000000000       0x2f
 *(.comment)
 .comment       0x0000000000000000       0x2f build/default/production/ECU_Layer/Button/Button.o
                                         0x30 (size before relaxing)
 .comment       0x000000000000002f       0x30 build/default/production/ECU_Layer/LED/Led.o
 .comment       0x000000000000002f       0x30 build/default/production/MCAL_Layer/EXT_INT/EXT_INT.o
 .comment       0x000000000000002f       0x30 build/default/production/MCAL_Layer/GPIO/GPIO.o
 .comment       0x000000000000002f       0x30 build/default/production/MCAL_Layer/TIMER/Timer.o
 .comment       0x000000000000002f       0x30 build/default/production/Application.o
 .comment       0x000000000000002f       0x30 c:/program files/microchip/xc8/v2.40/avr/bin/../lib/gcc/avr/5.4.0/../../../../avr/lib/avr5/memx-const\libc.a(exit.o)
 .comment       0x000000000000002f       0x30 c:/program files/microchip/xc8/v2.40/avr/bin/../lib/gcc/avr/5.4.0/../../../../avr/lib/avr5/memx-const\libc.a(_Exit.o)

.note.GNU-stack
                0x0000000000000000        0x0
 .note.GNU-stack
                0x0000000000000000        0x0 c:/program files/microchip/xc8/v2.40/avr/bin/../lib/gcc/avr/5.4.0/../../../../avr/lib/avr5/memx-const\libc.a(exit.o)
 .note.GNU-stack
                0x0000000000000000        0x0 c:/program files/microchip/xc8/v2.40/avr/bin/../lib/gcc/avr/5.4.0/../../../../avr/lib/avr5/memx-const\libc.a(_Exit.o)

.stack.descriptors.hdr
                0x0000000000000000        0xe
 .stack.descriptors.hdr
                0x0000000000000000        0xe c:/program files/microchip/xc8/v2.40/avr/bin/../lib/gcc/avr/5.4.0/avr5/memx-const\libgcc.a(_exit.o)

.note.gnu.build-id
 *(.note.gnu.build-id)

.debug
 *(.debug)

.line
 *(.line)

.debug_srcinfo
 *(.debug_srcinfo)

.debug_sfnames
 *(.debug_sfnames)

.debug_aranges  0x0000000000000000      0x158
 *(.debug_aranges)
 .debug_aranges
                0x0000000000000000       0x30 build/default/production/ECU_Layer/Button/Button.o
 .debug_aranges
                0x0000000000000030       0x38 build/default/production/ECU_Layer/LED/Led.o
 .debug_aranges
                0x0000000000000068       0x30 build/default/production/MCAL_Layer/EXT_INT/EXT_INT.o
 .debug_aranges
                0x0000000000000098       0x38 build/default/production/MCAL_Layer/GPIO/GPIO.o
 .debug_aranges
                0x00000000000000d0       0x58 build/default/production/MCAL_Layer/TIMER/Timer.o
 .debug_aranges
                0x0000000000000128       0x30 build/default/production/Application.o

.debug_pubnames
 *(.debug_pubnames)

.debug_info     0x0000000000000000     0x1a89
 *(.debug_info .gnu.linkonce.wi.*)
 .debug_info    0x0000000000000000      0x4e6 C:/Program Files/Microchip/MPLABX/v6.00/packs/Microchip/ATmega_DFP/2.4.131/xc8/avr/lib/avr5/memx-const/crtatmega32.o
 .debug_info    0x00000000000004e6      0x3c2 build/default/production/ECU_Layer/Button/Button.o
 .debug_info    0x00000000000008a8      0x359 build/default/production/ECU_Layer/LED/Led.o
 .debug_info    0x0000000000000c01      0x247 build/default/production/MCAL_Layer/EXT_INT/EXT_INT.o
 .debug_info    0x0000000000000e48      0x301 build/default/production/MCAL_Layer/GPIO/GPIO.o
 .debug_info    0x0000000000001149      0x418 build/default/production/MCAL_Layer/TIMER/Timer.o
 .debug_info    0x0000000000001561      0x528 build/default/production/Application.o

.debug_abbrev   0x0000000000000000      0x8f9
 *(.debug_abbrev)
 .debug_abbrev  0x0000000000000000      0x4a3 C:/Program Files/Microchip/MPLABX/v6.00/packs/Microchip/ATmega_DFP/2.4.131/xc8/avr/lib/avr5/memx-const/crtatmega32.o
 .debug_abbrev  0x00000000000004a3       0xd3 build/default/production/ECU_Layer/Button/Button.o
 .debug_abbrev  0x0000000000000576       0x80 build/default/production/ECU_Layer/LED/Led.o
 .debug_abbrev  0x00000000000005f6       0x44 build/default/production/MCAL_Layer/EXT_INT/EXT_INT.o
 .debug_abbrev  0x000000000000063a       0x7e build/default/production/MCAL_Layer/GPIO/GPIO.o
 .debug_abbrev  0x00000000000006b8      0x15e build/default/production/MCAL_Layer/TIMER/Timer.o
 .debug_abbrev  0x0000000000000816       0xe3 build/default/production/Application.o

.debug_line     0x0000000000000000      0xa15
 *(.debug_line .debug_line.* .debug_line_end)
 .debug_line    0x0000000000000000      0x119 C:/Program Files/Microchip/MPLABX/v6.00/packs/Microchip/ATmega_DFP/2.4.131/xc8/avr/lib/avr5/memx-const/crtatmega32.o
 .debug_line    0x0000000000000119      0x1c6 build/default/production/ECU_Layer/Button/Button.o
 .debug_line    0x00000000000002df       0xed build/default/production/ECU_Layer/LED/Led.o
 .debug_line    0x00000000000003cc       0xad build/default/production/MCAL_Layer/EXT_INT/EXT_INT.o
 .debug_line    0x0000000000000479      0x1c5 build/default/production/MCAL_Layer/GPIO/GPIO.o
 .debug_line    0x000000000000063e      0x17c build/default/production/MCAL_Layer/TIMER/Timer.o
 .debug_line    0x00000000000007ba      0x25b build/default/production/Application.o

.debug_frame    0x0000000000000000      0x298
 *(.debug_frame)
 .debug_frame   0x0000000000000000       0x8c build/default/production/ECU_Layer/Button/Button.o
 .debug_frame   0x000000000000008c       0x54 build/default/production/ECU_Layer/LED/Led.o
 .debug_frame   0x00000000000000e0       0x44 build/default/production/MCAL_Layer/EXT_INT/EXT_INT.o
 .debug_frame   0x0000000000000124       0x54 build/default/production/MCAL_Layer/GPIO/GPIO.o
 .debug_frame   0x0000000000000178       0xdc build/default/production/MCAL_Layer/TIMER/Timer.o
 .debug_frame   0x0000000000000254       0x44 build/default/production/Application.o

.debug_str      0x0000000000000000      0x28b
 *(.debug_str)
 .debug_str     0x0000000000000000      0x196 C:/Program Files/Microchip/MPLABX/v6.00/packs/Microchip/ATmega_DFP/2.4.131/xc8/avr/lib/avr5/memx-const/crtatmega32.o
 .debug_str     0x0000000000000196       0x37 build/default/production/ECU_Layer/Button/Button.o
 .debug_str     0x00000000000001cd       0x30 build/default/production/ECU_Layer/LED/Led.o
 .debug_str     0x00000000000001fd        0x0 build/default/production/MCAL_Layer/EXT_INT/EXT_INT.o
 .debug_str     0x00000000000001fd       0x15 build/default/production/MCAL_Layer/GPIO/GPIO.o
 .debug_str     0x0000000000000212        0x0 build/default/production/MCAL_Layer/TIMER/Timer.o
 .debug_str     0x0000000000000212       0x79 build/default/production/Application.o

.debug_loc      0x0000000000000000      0x466
 *(.debug_loc)
 .debug_loc     0x0000000000000000       0xaa build/default/production/ECU_Layer/Button/Button.o
 .debug_loc     0x00000000000000aa      0x108 build/default/production/ECU_Layer/LED/Led.o
 .debug_loc     0x00000000000001b2      0x278 build/default/production/MCAL_Layer/GPIO/GPIO.o
 .debug_loc     0x000000000000042a       0x3c build/default/production/MCAL_Layer/TIMER/Timer.o

.debug_macinfo
 *(.debug_macinfo)

.debug_weaknames
 *(.debug_weaknames)

.debug_funcnames
 *(.debug_funcnames)

.debug_typenames
 *(.debug_typenames)

.debug_varnames
 *(.debug_varnames)

.debug_pubtypes
 *(.debug_pubtypes)

.debug_ranges   0x0000000000000000       0xf8
 *(.debug_ranges)
 .debug_ranges  0x0000000000000000       0x20 build/default/production/ECU_Layer/Button/Button.o
 .debug_ranges  0x0000000000000020       0x28 build/default/production/ECU_Layer/LED/Led.o
 .debug_ranges  0x0000000000000048       0x20 build/default/production/MCAL_Layer/EXT_INT/EXT_INT.o
 .debug_ranges  0x0000000000000068       0x28 build/default/production/MCAL_Layer/GPIO/GPIO.o
 .debug_ranges  0x0000000000000090       0x48 build/default/production/MCAL_Layer/TIMER/Timer.o
 .debug_ranges  0x00000000000000d8       0x20 build/default/production/Application.o

.debug_macro
 *(.debug_macro)
OUTPUT(dist/default/production/Traffic_Light_Sys.X.production.elf elf32-avr)
LOAD linker stubs
LOAD data_init

.note.gnu.avr.deviceinfo
                0x0000000000000000       0x3c
 .note.gnu.avr.deviceinfo
                0x0000000000000000       0x3c C:/Program Files/Microchip/MPLABX/v6.00/packs/Microchip/ATmega_DFP/2.4.131/xc8/avr/lib/avr5/memx-const/crtatmega32.o

.bss.callbackvar
                0x0000000000800060        0x2
 .bss.callbackvar
                0x0000000000800060        0x2 build/default/production/MCAL_Layer/TIMER/Timer.o

.bss.OVF        0x0000000000800062        0x1
 .bss.OVF       0x0000000000800062        0x1 build/default/production/MCAL_Layer/TIMER/Timer.o
                0x0000000000800062                OVF

.bss.First_Click
                0x0000000000800063        0x1
 .bss.First_Click
                0x0000000000800063        0x1 build/default/production/Application.o
                0x0000000000800063                First_Click

.bss.Count      0x0000000000800064        0x1
 .bss.Count     0x0000000000800064        0x1 build/default/production/Application.o
                0x0000000000800064                Count

.text.APP_Start
                0x00000000000000ae       0xf6
 .text.APP_Start
                0x00000000000000ae       0xf6 build/default/production/Application.o
                0x00000000000000ae                APP_Start

.text.GPIO_Init
                0x00000000000001a4       0xf4
 .text.GPIO_Init
                0x00000000000001a4       0xf4 build/default/production/MCAL_Layer/GPIO/GPIO.o
                0x00000000000001a4                GPIO_Init

.text.GPIO_Write
                0x0000000000000298       0xf4
 .text.GPIO_Write
                0x0000000000000298       0xf4 build/default/production/MCAL_Layer/GPIO/GPIO.o
                0x0000000000000298                GPIO_Write

.text.__vector_1
                0x000000000000038c       0xa6
 .text.__vector_1
                0x000000000000038c       0xa6 build/default/production/ECU_Layer/Button/Button.o
                0x000000000000038c                __vector_1

.text.__vector_11
                0x0000000000000432       0x9e
 .text.__vector_11
                0x0000000000000432       0x9e build/default/production/MCAL_Layer/TIMER/Timer.o
                0x0000000000000432                __vector_11

.text.GPIO_Toggle
                0x00000000000004d0       0x6e
 .text.GPIO_Toggle
                0x00000000000004d0       0x6e build/default/production/MCAL_Layer/GPIO/GPIO.o
                0x00000000000004d0                GPIO_Toggle

.text.APP_Init  0x000000000000053e       0x52
 .text.APP_Init
                0x000000000000053e       0x52 build/default/production/Application.o
                0x000000000000053e                APP_Init

.text.exit      0x0000000000000590       0x16
 .text.exit     0x0000000000000590       0x16 c:/program files/microchip/xc8/v2.40/avr/bin/../lib/gcc/avr/5.4.0/../../../../avr/lib/avr5/memx-const\libc.a(exit.o)
                0x0000000000000590                exit

.text.INTERRUPT_0_Init
                0x00000000000005a6       0x14
 .text.INTERRUPT_0_Init
                0x00000000000005a6       0x14 build/default/production/MCAL_Layer/EXT_INT/EXT_INT.o
                0x00000000000005a6                INTERRUPT_0_Init

.text.Timer_0_Start
                0x00000000000005ba       0x10
 .text.Timer_0_Start
                0x00000000000005ba       0x10 build/default/production/MCAL_Layer/TIMER/Timer.o
                0x00000000000005ba                Timer_0_Start

.text.setcallback
                0x00000000000005ca        0xa
 .text.setcallback
                0x00000000000005ca        0xa build/default/production/MCAL_Layer/TIMER/Timer.o
                0x00000000000005ca                setcallback

.text.TIMER_0_Init
                0x00000000000005d4        0xa
 .text.TIMER_0_Init
                0x00000000000005d4        0xa build/default/production/MCAL_Layer/TIMER/Timer.o
                0x00000000000005d4                TIMER_0_Init

.text.Timer_0_Reset
                0x00000000000005de        0xa
 .text.Timer_0_Reset
                0x00000000000005de        0xa build/default/production/MCAL_Layer/TIMER/Timer.o
                0x00000000000005de                Timer_0_Reset

.text.Timer_0_Delay
                0x00000000000005e8        0xa
 .text.Timer_0_Delay
                0x00000000000005e8        0xa build/default/production/MCAL_Layer/TIMER/Timer.o
                0x00000000000005e8                Timer_0_Delay

.text.main      0x00000000000005f2        0xa
 .text.main     0x00000000000005f2        0xa build/default/production/Application.o
                0x00000000000005f2                main

.text.BUTTON_Init
                0x00000000000005fc        0x8
 .text.BUTTON_Init
                0x00000000000005fc        0x8 build/default/production/ECU_Layer/Button/Button.o
                0x00000000000005fc                BUTTON_Init

.text.LED_Init  0x0000000000000604        0x8
 .text.LED_Init
                0x0000000000000604        0x8 build/default/production/ECU_Layer/LED/Led.o
                0x0000000000000604                LED_Init

.text.LED_ON    0x000000000000060c        0x8
 .text.LED_ON   0x000000000000060c        0x8 build/default/production/ECU_Layer/LED/Led.o
                0x000000000000060c                LED_ON

.text.LED_OFF   0x0000000000000614        0x8
 .text.LED_OFF  0x0000000000000614        0x8 build/default/production/ECU_Layer/LED/Led.o
                0x0000000000000614                LED_OFF

.text.INTERRUPT_T0_OVF_Init
                0x000000000000061c        0x8
 .text.INTERRUPT_T0_OVF_Init
                0x000000000000061c        0x8 build/default/production/MCAL_Layer/EXT_INT/EXT_INT.o
                0x000000000000061c                INTERRUPT_T0_OVF_Init

.text.Timer_0_Stop
                0x0000000000000624        0x8
 .text.Timer_0_Stop
                0x0000000000000624        0x8 build/default/production/MCAL_Layer/TIMER/Timer.o
                0x0000000000000624                Timer_0_Stop

.text.LED_Toggle
                0x000000000000062c        0x6
 .text.LED_Toggle
                0x000000000000062c        0x6 build/default/production/ECU_Layer/LED/Led.o
                0x000000000000062c                LED_Toggle

.text           0x0000000000000632        0x4
 .text          0x0000000000000632        0x4 C:/Program Files/Microchip/MPLABX/v6.00/packs/Microchip/ATmega_DFP/2.4.131/xc8/avr/lib/avr5/memx-const/crtatmega32.o
                0x0000000000000632                __vector_12
                0x0000000000000632                __bad_interrupt
                0x0000000000000632                __vector_6
                0x0000000000000632                __vector_3
                0x0000000000000632                __vector_13
                0x0000000000000632                __vector_17
                0x0000000000000632                __vector_19
                0x0000000000000632                __vector_7
                0x0000000000000632                __vector_5
                0x0000000000000632                __vector_4
                0x0000000000000632                __vector_9
                0x0000000000000632                __vector_2
                0x0000000000000632                __vector_15
                0x0000000000000632                __vector_8
                0x0000000000000632                __vector_14
                0x0000000000000632                __vector_10
                0x0000000000000632                __vector_16
                0x0000000000000632                __vector_18
                0x0000000000000632                __vector_20

.text.INTERRUPT_Global_Init
                0x0000000000000636        0x4
 .text.INTERRUPT_Global_Init
                0x0000000000000636        0x4 build/default/production/MCAL_Layer/EXT_INT/EXT_INT.o
                0x0000000000000636                INTERRUPT_Global_Init

.text._Exit     0x000000000000063a        0x4
 .text._Exit    0x000000000000063a        0x4 c:/program files/microchip/xc8/v2.40/avr/bin/../lib/gcc/avr/5.4.0/../../../../avr/lib/avr5/memx-const\libc.a(_Exit.o)
                0x000000000000063a                _Exit

.text.__dummy_fini
                0x000000000000063e        0x2
 .text.__dummy_fini
                0x000000000000063e        0x2 c:/program files/microchip/xc8/v2.40/avr/bin/../lib/gcc/avr/5.4.0/../../../../avr/lib/avr5/memx-const\libc.a(exit.o)
                0x000000000000063e                _fini

.text.__dummy_funcs_on_exit
                0x0000000000000640        0x2
 .text.__dummy_funcs_on_exit
                0x0000000000000640        0x2 c:/program files/microchip/xc8/v2.40/avr/bin/../lib/gcc/avr/5.4.0/../../../../avr/lib/avr5/memx-const\libc.a(exit.o)
                0x0000000000000640                __funcs_on_exit

.text.__dummy_simulator_exit
                0x0000000000000642        0x2
 .text.__dummy_simulator_exit
                0x0000000000000642        0x2 c:/program files/microchip/xc8/v2.40/avr/bin/../lib/gcc/avr/5.4.0/../../../../avr/lib/avr5/memx-const\libc.a(exit.o)
                0x0000000000000642                __simulator_exit
